// Jest Snapshot v1, https://goo.gl/fbAQLP

exports[`Vista Home Validaci√≥n de match con el snapshot 1`] = `
<div>
  <h1>Este es el about</h1>
</div>
`;
